185.7.214.104 - - [27/Jul/2022:15:54:32 +0000] "POST /cgi-bin/.%2e/.%2e/.%2e/.%2e/bin/sh HTTP/1.1" 400 157 "-" "-"
185.7.214.104 - - [27/Jul/2022:16:52:23 +0000] "GET / HTTP/1.1" 404 32099 "-" "Mozilla/5.0 (Windows NT 10.0; Win64; x64) AppleWebKit/537.36 (KHTML, like Gecko) Chrome/78.0.3904.108 Safari/537.36"
185.7.214.104 - - [27/Jul/2022:17:31:24 +0000] "GET /actuator/gateway/routes HTTP/1.1" 404 195208 "-" "Mozilla/5.0 (Windows NT 10.0; Win64; x64) AppleWebKit/537.36 (KHTML, like Gecko) Chrome/78.0.3904.108 Safari/537.36"
46.174.191.31 - - [27/Jul/2022:19:14:31 +0000] "GET / HTTP/1.0" 404 32086 "-" "Mozilla/5.0 (Macintosh; Intel Mac OS X 10_7_0) AppleWebKit/534.30 (KHTML, like Gecko) Chrome/12.0.742.100 Safari/534.30"
217.71.0.149 - - [27/Jul/2022:21:10:48 +0000] "GET / HTTP/1.1" 404 32099 "-" "Mozilla/5.0 (Windows NT 5.1; rv:9.0.1) Gecko/20100101 Firefox/9.0.1"
217.71.0.149 - - [27/Jul/2022:21:10:48 +0000] "GET /HNAP1/ HTTP/1.1" 404 195311 "http://162.19.74.218:8080/" "Mozilla/5.0 (Windows NT 5.1; rv:9.0.1) Gecko/20100101 Firefox/9.0.1"
67.205.137.228 - - [27/Jul/2022:23:25:45 +0000] "GET /script HTTP/1.1" 400 157 "-" "-"
78.108.177.52 - - [27/Jul/2022:23:47:31 +0000] "GET / HTTP/1.0" 404 32086 "-" "Mozilla/5.0 (X11; Linux x86_64) AppleWebKit/537.36 (KHTML, like Gecko) Chrome/56.0.2924.87 Safari/537.36"
95.182.121.73 - - [27/Jul/2022:23:56:23 +0000] "GET /vendor/phpunit/phpunit/src/Util/PHP/eval-stdin.php HTTP/1.1" 404 195424 "-" "Mozilla/5.0 (Windows NT 10.0; Win64; x64) AppleWebKit/537.36 (KHTML, like Gecko) Chrome/78.0.3904.108 Safari/537.36"
95.182.121.73 - - [27/Jul/2022:23:56:23 +0000] "POST /vendor/phpunit/phpunit/src/Util/PHP/eval-stdin.php HTTP/1.1" 404 195426 "-" "Mozilla/5.0 (Windows NT 10.0; Win64; x64) AppleWebKit/537.36 (KHTML, like Gecko) Chrome/78.0.3904.108 Safari/537.36"
95.182.121.73 - - [27/Jul/2022:23:56:24 +0000] "GET /vendor/phpunit/phpunit/src/Util/PHP/eval-stdin.php HTTP/1.1" 404 195424 "-" "Mozilla/5.0 (Windows NT 10.0; Win64; x64) AppleWebKit/537.36 (KHTML, like Gecko) Chrome/78.0.3904.108 Safari/537.36"
95.182.121.73 - - [27/Jul/2022:23:56:24 +0000] "POST /vendor/phpunit/phpunit/src/Util/PHP/eval-stdin.php HTTP/1.1" 404 195426 "-" "Mozilla/5.0 (Windows NT 10.0; Win64; x64) AppleWebKit/537.36 (KHTML, like Gecko) Chrome/78.0.3904.108 Safari/537.36"
189.162.65.108 - - [28/Jul/2022:00:14:03 +0000] "GET / HTTP/1.1" 404 32083 "-" "Mozilla/5.0 (Windows NT 6.1; WOW64) AppleWebKit/537.36 (KHTML, like Gecko) Chrome/51.0.2704.103 Safari/537.36"
180.149.125.168 - - [28/Jul/2022:00:45:15 +0000] "GET / HTTP/1.1" 404 32099 "-" "Mozilla/5.0 (Windows NT 5.1; Win64; x64) AppleWebKit/537.36 (KHTML, like Gecko) Chrome/60.0.3112.90 Safari/537.36"
161.97.146.15 - - [28/Jul/2022:01:21:17 +0000] "CONNECT 185.65.245.10:7227 HTTP/1.1" 400 157 "-" "-"
161.97.146.15 - - [28/Jul/2022:01:21:31 +0000] "CONNECT 185.65.245.50:7227 HTTP/1.1" 400 157 "-" "-"
161.97.146.15 - - [28/Jul/2022:01:21:47 +0000] "CONNECT 185.65.245.10:7227 HTTP/1.1" 400 157 "-" "-"
161.97.146.15 - - [28/Jul/2022:01:22:02 +0000] "CONNECT 185.65.245.140:7227 HTTP/1.1" 400 157 "-" "-"
161.97.146.15 - - [28/Jul/2022:01:22:17 +0000] "CONNECT 185.65.245.10:7227 HTTP/1.1" 400 157 "-" "-"
161.97.146.15 - - [28/Jul/2022:01:22:32 +0000] "CONNECT 185.65.245.50:7227 HTTP/1.1" 400 157 "-" "-"
161.97.146.15 - - [28/Jul/2022:01:22:47 +0000] "CONNECT 185.65.245.10:7227 HTTP/1.1" 400 157 "-" "-"
161.97.146.15 - - [28/Jul/2022:01:23:02 +0000] "CONNECT 185.65.245.10:7227 HTTP/1.1" 400 157 "-" "-"
161.97.146.15 - - [28/Jul/2022:01:23:32 +0000] "CONNECT 185.65.245.10:7227 HTTP/1.1" 400 157 "-" "-"
161.97.146.15 - - [28/Jul/2022:01:23:46 +0000] "CONNECT 185.65.245.140:7227 HTTP/1.1" 400 157 "-" "-"
192.241.214.147 - - [28/Jul/2022:01:30:15 +0000] "GET / HTTP/1.1" 404 32099 "-" "Mozilla/5.0 zgrab/0.x"
192.241.220.199 - - [28/Jul/2022:01:44:57 +0000] "GET / HTTP/1.1" 404 32099 "-" "Mozilla/5.0 zgrab/0.x"
94.102.56.8 - - [28/Jul/2022:01:46:25 +0000] "GET / HTTP/1.1" 404 32099 "-" "Mozilla/5.0 (Windows NT 10.0; Win64; x64) AppleWebKit/537.36 (KHTML, like Gecko) Chrome/95.0.4638.69 Safari/537.36"
185.7.214.104 - - [28/Jul/2022:02:36:56 +0000] "GET /securityRealm/user/admin/search/index?q=a HTTP/1.1" 404 195320 "-" "Mozilla/5.0 (Windows NT 10.0; Win64; x64) AppleWebKit/537.36 (KHTML, like Gecko) Chrome/78.0.3904.108 Safari/537.36"
185.7.214.104 - - [28/Jul/2022:02:48:33 +0000] "GET / HTTP/1.1" 404 32099 "-" "Mozilla/5.0 (Windows NT 10.0; Win64; x64) AppleWebKit/537.36 (KHTML, like Gecko) Chrome/78.0.3904.108 Safari/537.36"
185.7.214.104 - - [28/Jul/2022:02:51:30 +0000] "POST /mifs/.;/services/LogService HTTP/1.1" 200 195473 "http://162.19.74.218:8080" "Mozilla/5.0 (Windows NT 10.0; Win64; x64) AppleWebKit/537.36 (KHTML, like Gecko) Chrome/78.0.3904.108 Safari/537.36"
185.7.214.104 - - [28/Jul/2022:02:57:46 +0000] "GET / HTTP/1.1" 404 32099 "-" "Mozilla/5.0 (Windows NT 10.0; Win64; x64) AppleWebKit/537.36 (KHTML, like Gecko) Chrome/78.0.3904.108 Safari/537.36"
167.94.146.58 - - [28/Jul/2022:04:12:12 +0000] "GET / HTTP/1.1" 404 32083 "-" "-"
167.94.146.58 - - [28/Jul/2022:04:12:12 +0000] "GET / HTTP/1.1" 404 32099 "-" "Mozilla/5.0 (compatible; CensysInspect/1.1; +https://about.censys.io/)"
167.94.146.58 - - [28/Jul/2022:04:12:12 +0000] "PRI * HTTP/2.0" 400 157 "-" "-"
109.206.241.24 - - [28/Jul/2022:04:29:07 +0000] "Z\xA5\x01 \x00\x00\x00\x00" 400 157 "-" "-"
185.198.56.152 - - [28/Jul/2022:05:06:57 +0000] "GET / HTTP/1.1" 404 32083 "-" "Mozilla/5.0 (compatible, MSIE 10.0, Windows NT, DigExt)"
152.32.143.129 - - [28/Jul/2022:05:28:57 +0000] "GET / HTTP/1.1" 404 32099 "-" "curl/7.29.0"
185.198.56.152 - - [28/Jul/2022:05:32:45 +0000] "GET / HTTP/1.1" 404 32083 "-" "Mozilla/5.0 (compatible, MSIE 10.0, Windows NT, DigExt)"
64.62.197.47 - - [28/Jul/2022:06:07:43 +0000] "GET / HTTP/1.1" 404 32099 "-" "-"
95.182.121.73 - - [28/Jul/2022:06:20:53 +0000] "GET /vendor/phpunit/phpunit/src/Util/PHP/eval-stdin.php HTTP/1.1" 404 195424 "-" "Mozilla/5.0 (Windows NT 10.0; Win64; x64) AppleWebKit/537.36 (KHTML, like Gecko) Chrome/78.0.3904.108 Safari/537.36"
95.182.121.73 - - [28/Jul/2022:06:20:54 +0000] "GET /vendor/phpunit/phpunit/src/Util/PHP/eval-stdin.php HTTP/1.1" 404 195424 "-" "Mozilla/5.0 (Windows NT 10.0; Win64; x64) AppleWebKit/537.36 (KHTML, like Gecko) Chrome/78.0.3904.108 Safari/537.36"
95.182.121.73 - - [28/Jul/2022:06:20:55 +0000] "POST /vendor/phpunit/phpunit/src/Util/PHP/eval-stdin.php HTTP/1.1" 200 195541 "-" "Mozilla/5.0 (Windows NT 10.0; Win64; x64) AppleWebKit/537.36 (KHTML, like Gecko) Chrome/78.0.3904.108 Safari/537.36"
95.182.121.73 - - [28/Jul/2022:06:20:56 +0000] "POST /vendor/phpunit/phpunit/src/Util/PHP/eval-stdin.php HTTP/1.1" 404 195426 "-" "Mozilla/5.0 (Windows NT 10.0; Win64; x64) AppleWebKit/537.36 (KHTML, like Gecko) Chrome/78.0.3904.108 Safari/537.36"
64.62.197.95 - - [28/Jul/2022:06:34:08 +0000] "\x16\x03\x01\x00{\x01\x00\x00w\x03\x03\xD8i)\xA4-\x18s\xBF\xC3r\x10\x13\xB1\xFAP\xE0\x94^\xE0[\xDE\x16U_`\xE1$\x98\xF2Y\x80s\x00\x00\x1A\xC0/\xC0+\xC0\x11\xC0\x07\xC0\x13\xC0\x09\xC0\x14\xC0" 400 157 "-" "-"
162.250.126.190 - - [28/Jul/2022:07:07:27 +0000] "\x16\x03\x01\x02\x00\x01\x00\x01\xFC\x03\x03,\xE9a\x80\x22]\x06\x9C\xE3K\x220\x91\xDCk\xA4w/\xD4h*\xC0\xF4\xF2\xD8\x1E\x9C$\xE9x\xF6s \x95Y\x9A\xFB\xF5\x96Y\xBC6K\xB7|\xDF\xF5\xCAw\xC8" 400 157 "-" "-"
162.250.126.190 - - [28/Jul/2022:07:07:27 +0000] "GET / HTTP/1.1" 404 32099 "-" "Python-urllib/3.8"
185.7.214.104 - - [28/Jul/2022:07:29:08 +0000] "POST /vendor/phpunit/phpunit/src/Util/PHP/eval-stdin.php HTTP/1.1" 200 195458 "-" "Mozilla/5.0 (Windows NT 10.0; Win64; x64) AppleWebKit/537.36 (KHTML, like Gecko) Chrome/78.0.3904.108 Safari/537.36"
95.182.121.73 - - [28/Jul/2022:07:29:33 +0000] "POST /vendor/phpunit/phpunit/src/Util/PHP/eval-stdin.php HTTP/1.1" 404 195426 "-" "Mozilla/5.0 (Windows NT 10.0; Win64; x64) AppleWebKit/537.36 (KHTML, like Gecko) Chrome/78.0.3904.108 Safari/537.36"
95.182.121.73 - - [28/Jul/2022:07:29:34 +0000] "POST /vendor/phpunit/phpunit/src/Util/PHP/eval-stdin.php HTTP/1.1" 404 195426 "-" "Mozilla/5.0 (Windows NT 10.0; Win64; x64) AppleWebKit/537.36 (KHTML, like Gecko) Chrome/78.0.3904.108 Safari/537.36"
185.7.214.104 - - [28/Jul/2022:08:12:01 +0000] "GET /vendor/phpunit/phpunit/src/Util/PHP/eval-stdin.php HTTP/1.1" 200 195456 "-" "Mozilla/5.0 (Windows NT 10.0; Win64; x64) AppleWebKit/537.36 (KHTML, like Gecko) Chrome/78.0.3904.108 Safari/537.36"
95.182.123.66 - - [28/Jul/2022:08:12:11 +0000] "GET /vendor/phpunit/phpunit/src/Util/PHP/eval-stdin.php HTTP/1.1" 404 195424 "-" "Mozilla/5.0 (Windows NT 10.0; Win64; x64) AppleWebKit/537.36 (KHTML, like Gecko) Chrome/78.0.3904.108 Safari/537.36"
95.182.123.66 - - [28/Jul/2022:08:12:12 +0000] "GET /vendor/phpunit/phpunit/src/Util/PHP/eval-stdin.php HTTP/1.1" 404 195424 "-" "Mozilla/5.0 (Windows NT 10.0; Win64; x64) AppleWebKit/537.36 (KHTML, like Gecko) Chrome/78.0.3904.108 Safari/537.36"
185.7.214.104 - - [28/Jul/2022:09:26:49 +0000] "GET /index.php?s=/Index/\x5Cthink\x5Capp/invokefunction&function=call_user_func_array&vars[0]=md5&vars[1][]=HelloThinkPHP21 HTTP/1.1" 404 32099 "-" "Mozilla/5.0 (Windows NT 10.0; Win64; x64) AppleWebKit/537.36 (KHTML, like Gecko) Chrome/78.0.3904.108 Safari/537.36"
78.108.177.50 - - [28/Jul/2022:09:50:10 +0000] "GET / HTTP/1.0" 404 32070 "-" "Mozilla/5.0 (X11; Linux x86_64) AppleWebKit/537.36 (KHTML, like Gecko) Chrome/56.0.2924.87 Safari/537.36"
45.142.134.2 - - [28/Jul/2022:10:22:20 +0000] "GET / HTTP/1.1" 404 32099 "-" "Mozilla/5.0 (Windows NT 6.1; WOW64) AppleWebKit/537.36 (KHTML, like Gecko) Chrome/51.0.2704.103 Safari/537.36"
159.223.205.240 - - [28/Jul/2022:10:26:11 +0000] "GET /manager/html HTTP/1.1" 400 157 "-" "-"
146.190.62.79 - - [28/Jul/2022:10:31:29 +0000] "GET /manager/html HTTP/1.1" 400 157 "-" "-"
185.7.214.104 - - [28/Jul/2022:11:00:18 +0000] "GET /?XDEBUG_SESSION_START=phpstorm HTTP/1.1" 404 32099 "-" "Mozilla/5.0 (Windows NT 10.0; Win64; x64) AppleWebKit/537.36 (KHTML, like Gecko) Chrome/78.0.3904.108 Safari/537.36"
95.182.123.66 - - [28/Jul/2022:11:31:19 +0000] "POST /vendor/phpunit/phpunit/src/Util/PHP/eval-stdin.php HTTP/1.1" 404 195426 "-" "Mozilla/5.0 (Windows NT 10.0; Win64; x64) AppleWebKit/537.36 (KHTML, like Gecko) Chrome/78.0.3904.108 Safari/537.36"
95.182.123.66 - - [28/Jul/2022:11:31:19 +0000] "GET /vendor/phpunit/phpunit/src/Util/PHP/eval-stdin.php HTTP/1.1" 404 195424 "-" "Mozilla/5.0 (Windows NT 10.0; Win64; x64) AppleWebKit/537.36 (KHTML, like Gecko) Chrome/78.0.3904.108 Safari/537.36"
95.182.123.66 - - [28/Jul/2022:11:31:20 +0000] "GET /vendor/phpunit/phpunit/src/Util/PHP/eval-stdin.php HTTP/1.1" 404 195424 "-" "Mozilla/5.0 (Windows NT 10.0; Win64; x64) AppleWebKit/537.36 (KHTML, like Gecko) Chrome/78.0.3904.108 Safari/537.36"
95.182.123.66 - - [28/Jul/2022:11:31:20 +0000] "POST /vendor/phpunit/phpunit/src/Util/PHP/eval-stdin.php HTTP/1.1" 404 195426 "-" "Mozilla/5.0 (Windows NT 10.0; Win64; x64) AppleWebKit/537.36 (KHTML, like Gecko) Chrome/78.0.3904.108 Safari/537.36"
185.7.214.104 - - [28/Jul/2022:11:35:28 +0000] "GET /console/ HTTP/1.1" 404 195082 "-" "Mozilla/5.0 (Windows NT 10.0; Win64; x64) AppleWebKit/537.36 (KHTML, like Gecko) Chrome/78.0.3904.108 Safari/537.36"
198.2.71.49 - - [28/Jul/2022:12:19:28 +0000] "GET / HTTP/1.1" 404 32099 "-" "Mozilla/5.0 (Macintosh; Intel Mac OS X 10_11_6) AppleWebKit/601.7.7 (KHTML, like Gecko) Version/9.1.2 Safari/601.7.7"
185.7.214.104 - - [28/Jul/2022:12:41:46 +0000] "POST /Autodiscover/Autodiscover.xml HTTP/1.1" 200 195572 "-" "Mozilla/5.0 (Windows NT 10.0; Win64; x64) AppleWebKit/537.36 (KHTML, like Gecko) Chrome/78.0.3904.108 Safari/537.36"
185.7.214.104 - - [28/Jul/2022:13:37:32 +0000] "GET /_ignition/execute-solution HTTP/1.1" 404 195232 "-" "Mozilla/5.0 (Windows NT 10.0; Win64; x64) AppleWebKit/537.36 (KHTML, like Gecko) Chrome/78.0.3904.108 Safari/537.36"
161.97.147.167 - - [28/Jul/2022:13:52:31 +0000] "CONNECT 185.65.245.50:7227 HTTP/1.1" 400 157 "-" "-"
185.7.214.104 - - [28/Jul/2022:13:55:08 +0000] "GET / HTTP/1.1" 404 32083 "-" "Mozilla/5.0 (Windows NT 10.0; Win64; x64) AppleWebKit/537.36 (KHTML, like Gecko) Chrome/78.0.3904.108 Safari/537.36"
161.97.147.167 - - [28/Jul/2022:14:01:34 +0000] "CONNECT 185.65.245.10:7227 HTTP/1.1" 400 157 "-" "-"
161.97.147.167 - - [28/Jul/2022:14:11:23 +0000] "CONNECT 185.65.245.140:7227 HTTP/1.1" 400 157 "-" "-"
161.97.147.167 - - [28/Jul/2022:14:26:13 +0000] "CONNECT 185.65.245.10:7227 HTTP/1.1" 400 157 "-" "-"
106.75.172.141 - - [28/Jul/2022:14:31:52 +0000] "GET / HTTP/1.0" 404 32086 "-" "-"
106.75.172.141 - - [28/Jul/2022:14:32:01 +0000] "\x16\x03\x01\x00\xEE\x01\x00\x00\xEA\x03\x03\xD9\x0F\x99s\xA3\xD1w\x91\xCB]:(\x16r7%\xD5\x9BI\x12\xE6G\xA0 \x04F\x8A\xA2\x88E\x8E\x08 \x94\xC06\x12\xED7y\xCC\xA84\xB8\xCCu`\x17\x97\xA8\x82\x1C*\x95" 400 157 "-" "-"
106.75.172.141 - - [28/Jul/2022:14:32:02 +0000] "\x16\x03\x01\x00\xEE\x01\x00\x00\xEA\x03\x03B\xE3\xC8r\xFF\x89\xE1~\xF7\xD4_\x99\xDD\xE4\xD7\xFF1\xB5{\xFEs\x107\x1B\x1FeB~\xD3p/\xAF g!\xBEq\xB5\x90\xE4\xA0bAV\x87\xDC\x07w\xC7\xBEH\xDF'-c\xFB\xA6\xCB\xA9\xB0\xD0\xAAe`\x17\x00&\xC0/\xC00\xC0+\xC0,\xCC\xA8\xCC\xA9\xC0\x13\xC0\x09\xC0\x14\xC0" 400 157 "-" "-"
106.75.172.141 - - [28/Jul/2022:14:32:10 +0000] "" 400 0 "-" "-"
106.75.172.141 - - [28/Jul/2022:14:32:19 +0000] "USER anonymous" 400 157 "-" "-"
161.97.147.167 - - [28/Jul/2022:14:42:49 +0000] "CONNECT 185.65.245.10:7227 HTTP/1.1" 400 157 "-" "-"
95.182.123.66 - - [28/Jul/2022:14:48:25 +0000] "POST /vendor/phpunit/phpunit/src/Util/PHP/eval-stdin.php HTTP/1.1" 404 195426 "-" "Mozilla/5.0 (Windows NT 10.0; Win64; x64) AppleWebKit/537.36 (KHTML, like Gecko) Chrome/78.0.3904.108 Safari/537.36"
95.182.123.66 - - [28/Jul/2022:14:48:26 +0000] "POST /vendor/phpunit/phpunit/src/Util/PHP/eval-stdin.php HTTP/1.1" 404 195426 "-" "Mozilla/5.0 (Windows NT 10.0; Win64; x64) AppleWebKit/537.36 (KHTML, like Gecko) Chrome/78.0.3904.108 Safari/537.36"
161.97.147.167 - - [28/Jul/2022:14:58:24 +0000] "CONNECT 185.65.245.50:7227 HTTP/1.1" 400 157 "-" "-"
185.7.214.104 - - [28/Jul/2022:14:58:27 +0000] "POST /cgi-bin/.%2e/.%2e/.%2e/.%2e/bin/sh HTTP/1.1" 400 157 "-" "-"
161.97.147.167 - - [28/Jul/2022:15:13:01 +0000] "CONNECT 185.65.245.10:7227 HTTP/1.1" 400 157 "-" "-"
161.97.147.167 - - [28/Jul/2022:15:38:28 +0000] "CONNECT 185.65.245.140:7227 HTTP/1.1" 400 157 "-" "-"
185.7.214.104 - - [28/Jul/2022:15:40:26 +0000] "GET / HTTP/1.1" 404 32083 "-" "Mozilla/5.0 (Windows NT 10.0; Win64; x64) AppleWebKit/537.36 (KHTML, like Gecko) Chrome/78.0.3904.108 Safari/537.36"
161.97.147.167 - - [28/Jul/2022:15:49:13 +0000] "CONNECT 185.65.245.140:7227 HTTP/1.1" 400 157 "-" "-"
23.225.163.204 - - [28/Jul/2022:16:18:29 +0000] "\x16\x03\x01\x00\xB0\x01\x00\x00\xAC\x03\x03t\x84|\xBE\xF7^\x8D\x12\x91\xAF\xC7\xA2X\xE0\xBC\xF4\xD5\x94\x9E\xFA\xF2\xD0H\xE3-\x10\xD8-\x8A\xF8\xB4\x06\x00\x00\x1A\xC0/\xC0+\xC0\x11\xC0\x07\xC0\x13\xC0\x09\xC0\x14\xC0" 400 157 "-" "-"
23.225.163.204 - - [28/Jul/2022:16:18:39 +0000] "GET / HTTP/1.1" 404 32099 "-" "-"
23.225.163.204 - - [28/Jul/2022:16:19:32 +0000] "GET /favicon.ico HTTP/1.1" 404 126828 "-" "Go-http-client/1.1"
23.225.163.204 - - [28/Jul/2022:16:19:33 +0000] "GET /robots.txt HTTP/1.1" 404 123933 "-" "Go-http-client/1.1"
23.225.163.204 - - [28/Jul/2022:16:19:34 +0000] "GET /sitemap.xml HTTP/1.1" 404 125380 "-" "Go-http-client/1.1"
89.208.30.98 - - [28/Jul/2022:16:25:14 +0000] "GET / HTTP/1.1" 404 32099 "-" "Mozilla/5.0 (Windows NT 6.1; WOW64) AppleWebKit/537.36 (KHTML, like Gecko) Chrome/51.0.2704.103 Safari/537.36"
162.142.125.210 - - [28/Jul/2022:16:56:27 +0000] "GET / HTTP/1.1" 404 32099 "-" "-"
162.142.125.210 - - [28/Jul/2022:16:56:27 +0000] "GET / HTTP/1.1" 404 32099 "-" "Mozilla/5.0 (compatible; CensysInspect/1.1; +https://about.censys.io/)"
162.142.125.210 - - [28/Jul/2022:16:56:28 +0000] "PRI * HTTP/2.0" 400 157 "-" "-"
95.182.123.66 - - [28/Jul/2022:17:22:11 +0000] "POST /vendor/phpunit/phpunit/src/Util/PHP/eval-stdin.php HTTP/1.1" 404 195426 "-" "Mozilla/5.0 (Windows NT 10.0; Win64; x64) AppleWebKit/537.36 (KHTML, like Gecko) Chrome/78.0.3904.108 Safari/537.36"
95.182.121.73 - - [28/Jul/2022:17:22:11 +0000] "GET /vendor/phpunit/phpunit/src/Util/PHP/eval-stdin.php HTTP/1.1" 404 195424 "-" "Mozilla/5.0 (Windows NT 10.0; Win64; x64) AppleWebKit/537.36 (KHTML, like Gecko) Chrome/78.0.3904.108 Safari/537.36"
95.182.123.66 - - [28/Jul/2022:17:22:11 +0000] "POST /vendor/phpunit/phpunit/src/Util/PHP/eval-stdin.php HTTP/1.1" 404 195426 "-" "Mozilla/5.0 (Windows NT 10.0; Win64; x64) AppleWebKit/537.36 (KHTML, like Gecko) Chrome/78.0.3904.108 Safari/537.36"
95.182.121.73 - - [28/Jul/2022:17:22:12 +0000] "GET /vendor/phpunit/phpunit/src/Util/PHP/eval-stdin.php HTTP/1.1" 404 195424 "-" "Mozilla/5.0 (Windows NT 10.0; Win64; x64) AppleWebKit/537.36 (KHTML, like Gecko) Chrome/78.0.3904.108 Safari/537.36"
88.250.69.175 - - [28/Jul/2022:17:29:28 +0000] "GET / HTTP/1.0" 404 29533 "-" "-"
128.199.69.102 - - [28/Jul/2022:17:44:13 +0000] "HEAD / HTTP/1.0" 404 0 "-" "-"
128.199.69.102 - - [28/Jul/2022:17:44:16 +0000] "GET /system_api.php HTTP/1.1" 404 195136 "-" "Mozilla/5.0 (Windows NT 10.0; Win64; x64) AppleWebKit/537.36 (KHTML, like Gecko) Chrome/74.0.3729.169 Safari/537.36"
128.199.69.102 - - [28/Jul/2022:17:44:18 +0000] "GET /c/version.js HTTP/1.1" 404 195120 "-" "Mozilla/5.0 (Windows NT 10.0; Win64; x64) AppleWebKit/537.36 (KHTML, like Gecko) Chrome/74.0.3729.169 Safari/537.36"
128.199.69.102 - - [28/Jul/2022:17:44:20 +0000] "GET /streaming/clients_live.php HTTP/1.1" 404 195232 "-" "Mozilla/5.0 (Windows NT 10.0; Win64; x64) AppleWebKit/537.36 (KHTML, like Gecko) Chrome/74.0.3729.169 Safari/537.36"
128.199.69.102 - - [28/Jul/2022:17:44:22 +0000] "GET /stalker_portal/c/version.js HTTP/1.1" 404 195240 "-" "Mozilla/5.0 (Windows NT 10.0; Win64; x64) AppleWebKit/537.36 (KHTML, like Gecko) Chrome/74.0.3729.169 Safari/537.36"
128.199.69.102 - - [28/Jul/2022:17:44:24 +0000] "GET /stream/live.php HTTP/1.1" 404 195144 "-" "VLC/3.0.8 LibVLC/3.0.8"
128.199.69.102 - - [28/Jul/2022:17:44:27 +0000] "GET /flu/403.html HTTP/1.1" 404 195120 "-" "Mozilla/5.0 (Windows NT 10.0; Win64; x64) AppleWebKit/537.36 (KHTML, like Gecko) Chrome/74.0.3729.169 Safari/537.36"
128.199.69.102 - - [28/Jul/2022:17:44:28 +0000] "GET / HTTP/1.1" 404 32099 "-" "Mozilla/5.0 (Windows NT 10.0; Win64; x64) AppleWebKit/537.36 (KHTML, like Gecko) Chrome/74.0.3729.169 Safari/537.36"
64.62.197.147 - - [28/Jul/2022:18:56:31 +0000] "GET / HTTP/1.1" 404 32099 "-" "Mozilla/5.0 zgrab/0.x"
212.33.111.11 - - [28/Jul/2022:21:23:18 +0000] "GET / HTTP/1.1" 404 32099 "-" "Mozilla/5.0 (Windows NT 10.0; WOW64) AppleWebKit/537.36 (KHTML, like Gecko) Chrome/52.0.2743.116 Safari/537.36"
212.33.111.11 - - [28/Jul/2022:21:23:18 +0000] "GET / HTTP/1.1" 404 32099 "-" "Mozilla/5.0 (Macintosh; Intel Mac OS X 10_11_6) AppleWebKit/601.7.7 (KHTML, like Gecko) Version/9.1.2 Safari/601.7.7"
212.33.111.11 - - [28/Jul/2022:21:23:18 +0000] "GET / HTTP/1.1" 404 32099 "-" "Mozilla/5.0 (Windows NT 6.1; WOW64) AppleWebKit/537.36 (KHTML, like Gecko) Chrome/51.0.2704.103 Safari/537.36"
212.33.111.11 - - [28/Jul/2022:21:23:18 +0000] "GET / HTTP/1.1" 404 32099 "-" "Mozilla/5.0 (Windows NT 10.0; WOW64) AppleWebKit/537.36 (KHTML, like Gecko) Chrome/52.0.2743.116 Safari/537.36"
212.33.111.11 - - [28/Jul/2022:21:23:18 +0000] "GET / HTTP/1.1" 404 32099 "-" "Mozilla/5.0 (Windows NT 6.1; WOW64) AppleWebKit/537.36 (KHTML, like Gecko) Chrome/52.0.2743.116 Safari/537.36"
154.89.5.121 - - [28/Jul/2022:22:23:24 +0000] "GET / HTTP/1.0" 404 32086 "-" "-"
109.237.96.124 - - [28/Jul/2022:22:40:45 +0000] "POST /vendor/phpunit/phpunit/src/Util/PHP/eval-stdin.php HTTP/1.1" 404 195426 "-" "Mozilla/5.0 (Windows NT 10.0; Win64; x64) AppleWebKit/537.36 (KHTML, like Gecko) Chrome/78.0.3904.108 Safari/537.36"
109.237.96.124 - - [28/Jul/2022:22:40:46 +0000] "POST /vendor/phpunit/phpunit/src/Util/PHP/eval-stdin.php HTTP/1.1" 404 195426 "-" "Mozilla/5.0 (Windows NT 10.0; Win64; x64) AppleWebKit/537.36 (KHTML, like Gecko) Chrome/78.0.3904.108 Safari/537.36"
109.237.96.124 - - [28/Jul/2022:22:40:48 +0000] "GET /vendor/phpunit/phpunit/src/Util/PHP/eval-stdin.php HTTP/1.1" 200 195539 "-" "Mozilla/5.0 (Windows NT 10.0; Win64; x64) AppleWebKit/537.36 (KHTML, like Gecko) Chrome/78.0.3904.108 Safari/537.36"
109.237.96.124 - - [28/Jul/2022:22:40:48 +0000] "GET /vendor/phpunit/phpunit/src/Util/PHP/eval-stdin.php HTTP/1.1" 404 195424 "-" "Mozilla/5.0 (Windows NT 10.0; Win64; x64) AppleWebKit/537.36 (KHTML, like Gecko) Chrome/78.0.3904.108 Safari/537.36"
46.174.191.31 - - [28/Jul/2022:22:55:04 +0000] "GET / HTTP/1.0" 404 32086 "-" "Mozilla/5.0 (Macintosh; Intel Mac OS X 10_7_0) AppleWebKit/534.30 (KHTML, like Gecko) Chrome/12.0.742.100 Safari/534.30"
185.7.214.104 - - [28/Jul/2022:23:15:21 +0000] "GET /securityRealm/user/admin/search/index?q=a HTTP/1.1" 404 195320 "-" "Mozilla/5.0 (Windows NT 10.0; Win64; x64) AppleWebKit/537.36 (KHTML, like Gecko) Chrome/78.0.3904.108 Safari/537.36"
185.7.214.104 - - [28/Jul/2022:23:22:00 +0000] "GET / HTTP/1.1" 404 32083 "-" "Mozilla/5.0 (Windows NT 10.0; Win64; x64) AppleWebKit/537.36 (KHTML, like Gecko) Chrome/78.0.3904.108 Safari/537.36"
185.7.214.104 - - [28/Jul/2022:23:35:03 +0000] "POST /mifs/.;/services/LogService HTTP/1.1" 404 195467 "http://162.19.74.218:8080" "Mozilla/5.0 (Windows NT 10.0; Win64; x64) AppleWebKit/537.36 (KHTML, like Gecko) Chrome/78.0.3904.108 Safari/537.36"
185.7.214.104 - - [28/Jul/2022:23:39:57 +0000] "GET / HTTP/1.1" 404 32083 "-" "Mozilla/5.0 (Windows NT 10.0; Win64; x64) AppleWebKit/537.36 (KHTML, like Gecko) Chrome/78.0.3904.108 Safari/537.36"
175.107.0.2 - - [29/Jul/2022:01:09:24 +0000] "GET /boaform/admin/formLogin?username=adminisp&psd=adminisp HTTP/1.0" 404 195125 "-" "-"
45.95.55.5 - - [29/Jul/2022:01:17:25 +0000] "GET / HTTP/1.1" 404 32099 "-" "-"
198.199.93.232 - - [29/Jul/2022:01:30:21 +0000] "GET / HTTP/1.1" 404 32083 "-" "Mozilla/5.0 zgrab/0.x"
137.184.177.44 - - [29/Jul/2022:01:40:20 +0000] "\x16\x03\x01\x00{\x01\x00\x00w\x03\x03\xC3\x17_I[J\xE5W5\xE7^\xF6\x9C\x9D3PT-\xFD\x96\xEF%\x5C\xFD3\xAB\xE8b\xE7\x91Z\xA7\x00\x00\x1A\xC0/\xC0+\xC0\x11\xC0\x07\xC0\x13\xC0\x09\xC0\x14\xC0" 400 157 "-" "-"
137.184.177.44 - - [29/Jul/2022:01:40:20 +0000] "\x16\x03\x01\x00{\x01\x00\x00w\x03\x03,\xC0\xBE\x95" 400 157 "-" "-"
137.184.177.44 - - [29/Jul/2022:01:40:21 +0000] "GET / HTTP/1.1" 404 32083 "-" "Mozilla/5.0 zgrab/0.x"
64.62.197.15 - - [29/Jul/2022:01:44:06 +0000] "\x16\x03\x01\x00{\x01\x00\x00w\x03\x03+\xCF\xBC\xF3O\xC9S\xF1\xA4B\x93\xA2gPX\xC4\xF0\xE2\x12\xC7\x00\xC8\x19\xF8Iu\xC3\x5C\xF2H\x94\x81\x00\x00\x1A\xC0/\xC0+\xC0\x11\xC0\x07\xC0\x13\xC0\x09\xC0\x14\xC0" 400 157 "-" "-"
192.241.235.203 - - [29/Jul/2022:01:45:09 +0000] "GET / HTTP/1.1" 404 32099 "-" "Mozilla/5.0 zgrab/0.x"
106.75.126.221 - - [29/Jul/2022:01:57:14 +0000] "GET / HTTP/1.1" 404 32083 "-" "Mozilla/5.0 (X11; Linux x86_64) AppleWebKit/537.36 (KHTML, like Gecko) Chrome/90.0.4430.212 Safari/537.36 OPR/76.0.4017.175"
106.75.126.221 - - [29/Jul/2022:01:57:16 +0000] "GET /favicon.ico HTTP/1.1" 404 195112 "-" "Mozilla/5.0 (X11; Linux x86_64) AppleWebKit/537.36 (KHTML, like Gecko) Chrome/90.0.4430.212 Safari/537.36 OPR/76.0.4017.175"
106.75.126.221 - - [29/Jul/2022:01:57:18 +0000] "GET /robots.txt HTTP/1.1" 404 142210 "-" "Mozilla/5.0 (X11; Linux x86_64) AppleWebKit/537.36 (KHTML, like Gecko) Chrome/90.0.4430.212 Safari/537.36 OPR/76.0.4017.175"
106.75.126.221 - - [29/Jul/2022:01:57:18 +0000] "GET /sitemap.xml HTTP/1.1" 404 142209 "-" "Mozilla/5.0 (X11; Linux x86_64) AppleWebKit/537.36 (KHTML, like Gecko) Chrome/90.0.4430.212 Safari/537.36 OPR/76.0.4017.175"
184.105.247.226 - - [29/Jul/2022:02:22:21 +0000] "GET / HTTP/1.1" 404 32099 "-" "Mozilla/5.0 zgrab/0.x"
185.187.183.164 - - [29/Jul/2022:03:00:34 +0000] "GET / HTTP/1.1" 404 32067 "-" "Mozilla/5.0 (Windows NT 10.0; WOW64) AppleWebKit/537.36 (KHTML, like Gecko) Chrome/52.0.2743.116 Safari/537.36"
200.58.88.47 - - [29/Jul/2022:03:02:58 +0000] "GET / HTTP/1.1" 404 32099 "-" "Mozilla/5.0 (Windows NT 6.1; WOW64) AppleWebKit/537.36 (KHTML, like Gecko) Chrome/51.0.2704.103 Safari/537.36"
200.58.88.47 - - [29/Jul/2022:03:03:03 +0000] "GET /boaform/admin/formLogin?username=adminisp&psd=adminisp HTTP/1.0" 404 195125 "-" "-"
5.181.80.101 - - [29/Jul/2022:03:10:26 +0000] "CONNECT google.com:443 HTTP/1.1" 400 157 "-" "-"
92.118.161.25 - - [29/Jul/2022:03:26:48 +0000] "GET / HTTP/1.0" 404 32070 "-" "NetSystemsResearch studies the availability of various services across the internet. Our website is netsystemsresearch.com"
95.182.123.66 - - [29/Jul/2022:04:02:54 +0000] "GET /vendor/phpunit/phpunit/src/Util/PHP/eval-stdin.php HTTP/1.1" 404 195424 "-" "Mozilla/5.0 (Windows NT 10.0; Win64; x64) AppleWebKit/537.36 (KHTML, like Gecko) Chrome/78.0.3904.108 Safari/537.36"
95.182.121.73 - - [29/Jul/2022:04:02:54 +0000] "POST /vendor/phpunit/phpunit/src/Util/PHP/eval-stdin.php HTTP/1.1" 404 195426 "-" "Mozilla/5.0 (Windows NT 10.0; Win64; x64) AppleWebKit/537.36 (KHTML, like Gecko) Chrome/78.0.3904.108 Safari/537.36"
95.182.121.73 - - [29/Jul/2022:04:02:55 +0000] "POST /vendor/phpunit/phpunit/src/Util/PHP/eval-stdin.php HTTP/1.1" 404 195426 "-" "Mozilla/5.0 (Windows NT 10.0; Win64; x64) AppleWebKit/537.36 (KHTML, like Gecko) Chrome/78.0.3904.108 Safari/537.36"
95.182.123.66 - - [29/Jul/2022:04:02:55 +0000] "GET /vendor/phpunit/phpunit/src/Util/PHP/eval-stdin.php HTTP/1.1" 404 195424 "-" "Mozilla/5.0 (Windows NT 10.0; Win64; x64) AppleWebKit/537.36 (KHTML, like Gecko) Chrome/78.0.3904.108 Safari/537.36"
185.7.214.104 - - [29/Jul/2022:04:18:24 +0000] "POST /vendor/phpunit/phpunit/src/Util/PHP/eval-stdin.php HTTP/1.1" 200 195458 "-" "Mozilla/5.0 (Windows NT 10.0; Win64; x64) AppleWebKit/537.36 (KHTML, like Gecko) Chrome/78.0.3904.108 Safari/537.36"
95.182.121.73 - - [29/Jul/2022:04:18:37 +0000] "POST /vendor/phpunit/phpunit/src/Util/PHP/eval-stdin.php HTTP/1.1" 404 195426 "-" "Mozilla/5.0 (Windows NT 10.0; Win64; x64) AppleWebKit/537.36 (KHTML, like Gecko) Chrome/78.0.3904.108 Safari/537.36"
95.182.121.73 - - [29/Jul/2022:04:18:38 +0000] "POST /vendor/phpunit/phpunit/src/Util/PHP/eval-stdin.php HTTP/1.1" 404 195426 "-" "Mozilla/5.0 (Windows NT 10.0; Win64; x64) AppleWebKit/537.36 (KHTML, like Gecko) Chrome/78.0.3904.108 Safari/537.36"
185.7.214.104 - - [29/Jul/2022:04:24:06 +0000] "GET /vendor/phpunit/phpunit/src/Util/PHP/eval-stdin.php HTTP/1.1" 200 195456 "-" "Mozilla/5.0 (Windows NT 10.0; Win64; x64) AppleWebKit/537.36 (KHTML, like Gecko) Chrome/78.0.3904.108 Safari/537.36"
109.237.96.124 - - [29/Jul/2022:04:24:38 +0000] "GET /vendor/phpunit/phpunit/src/Util/PHP/eval-stdin.php HTTP/1.1" 404 195424 "-" "Mozilla/5.0 (Windows NT 10.0; Win64; x64) AppleWebKit/537.36 (KHTML, like Gecko) Chrome/78.0.3904.108 Safari/537.36"
109.237.96.124 - - [29/Jul/2022:04:24:39 +0000] "GET /vendor/phpunit/phpunit/src/Util/PHP/eval-stdin.php HTTP/1.1" 404 195424 "-" "Mozilla/5.0 (Windows NT 10.0; Win64; x64) AppleWebKit/537.36 (KHTML, like Gecko) Chrome/78.0.3904.108 Safari/537.36"
192.241.236.106 - - [29/Jul/2022:05:20:44 +0000] "MGLNDD_162.19.74.218_8080" 400 157 "-" "-"
185.7.214.104 - - [29/Jul/2022:05:58:21 +0000] "GET /index.php?s=/Index/\x5Cthink\x5Capp/invokefunction&function=call_user_func_array&vars[0]=md5&vars[1][]=HelloThinkPHP21 HTTP/1.1" 404 32099 "-" "Mozilla/5.0 (Windows NT 10.0; Win64; x64) AppleWebKit/537.36 (KHTML, like Gecko) Chrome/78.0.3904.108 Safari/537.36"
45.95.55.5 - - [29/Jul/2022:07:00:19 +0000] "GET / HTTP/1.1" 404 32099 "-" "-"
185.7.214.104 - - [29/Jul/2022:07:44:18 +0000] "GET /?XDEBUG_SESSION_START=phpstorm HTTP/1.1" 404 32099 "-" "Mozilla/5.0 (Windows NT 10.0; Win64; x64) AppleWebKit/537.36 (KHTML, like Gecko) Chrome/78.0.3904.108 Safari/537.36"
62.233.50.113 - - [29/Jul/2022:07:48:40 +0000] "\x03\x00\x00/*\xE0\x00\x00\x00\x00\x00Cookie: mstshash=Administr" 400 157 "-" "-"
185.7.214.104 - - [29/Jul/2022:08:44:29 +0000] "GET /console/ HTTP/1.1" 404 195082 "-" "Mozilla/5.0 (Windows NT 10.0; Win64; x64) AppleWebKit/537.36 (KHTML, like Gecko) Chrome/78.0.3904.108 Safari/537.36"
185.7.214.104 - - [29/Jul/2022:09:27:23 +0000] "POST /Autodiscover/Autodiscover.xml HTTP/1.1" 404 195258 "-" "Mozilla/5.0 (Windows NT 10.0; Win64; x64) AppleWebKit/537.36 (KHTML, like Gecko) Chrome/78.0.3904.108 Safari/537.36"
109.237.96.124 - - [29/Jul/2022:09:50:56 +0000] "GET /vendor/phpunit/phpunit/src/Util/PHP/eval-stdin.php HTTP/1.1" 404 195424 "-" "Mozilla/5.0 (Windows NT 10.0; Win64; x64) AppleWebKit/537.36 (KHTML, like Gecko) Chrome/78.0.3904.108 Safari/537.36"
109.237.96.124 - - [29/Jul/2022:09:51:01 +0000] "GET /vendor/phpunit/phpunit/src/Util/PHP/eval-stdin.php HTTP/1.1" 404 195424 "-" "Mozilla/5.0 (Windows NT 10.0; Win64; x64) AppleWebKit/537.36 (KHTML, like Gecko) Chrome/78.0.3904.108 Safari/537.36"
109.237.96.124 - - [29/Jul/2022:09:51:03 +0000] "POST /vendor/phpunit/phpunit/src/Util/PHP/eval-stdin.php HTTP/1.1" 200 195541 "-" "Mozilla/5.0 (Windows NT 10.0; Win64; x64) AppleWebKit/537.36 (KHTML, like Gecko) Chrome/78.0.3904.108 Safari/537.36"
109.237.96.124 - - [29/Jul/2022:09:51:05 +0000] "POST /vendor/phpunit/phpunit/src/Util/PHP/eval-stdin.php HTTP/1.1" 404 195426 "-" "Mozilla/5.0 (Windows NT 10.0; Win64; x64) AppleWebKit/537.36 (KHTML, like Gecko) Chrome/78.0.3904.108 Safari/537.36"
62.233.50.113 - - [29/Jul/2022:09:55:46 +0000] "\x03\x00\x00/*\xE0\x00\x00\x00\x00\x00Cookie: mstshash=Administr" 400 157 "-" "-"
159.223.205.240 - - [29/Jul/2022:09:55:59 +0000] "GET /manager/html HTTP/1.1" 400 157 "-" "-"
185.7.214.104 - - [29/Jul/2022:10:17:09 +0000] "GET /_ignition/execute-solution HTTP/1.1" 404 195232 "-" "Mozilla/5.0 (Windows NT 10.0; Win64; x64) AppleWebKit/537.36 (KHTML, like Gecko) Chrome/78.0.3904.108 Safari/537.36"
119.160.193.202 - - [29/Jul/2022:10:18:53 +0000] "GET / HTTP/1.1" 404 32099 "-" "Mozilla/5.0 (Windows NT 6.1; Win64; x64; rv:77.0) Gecko/20100101 Firefox/77.0"
167.248.133.120 - - [29/Jul/2022:10:29:32 +0000] "GET / HTTP/1.1" 404 32099 "-" "-"
167.248.133.120 - - [29/Jul/2022:10:29:33 +0000] "GET / HTTP/1.1" 404 32099 "-" "Mozilla/5.0 (compatible; CensysInspect/1.1; +https://about.censys.io/)"
167.248.133.120 - - [29/Jul/2022:10:29:33 +0000] "PRI * HTTP/2.0" 400 157 "-" "-"
185.7.214.104 - - [29/Jul/2022:10:38:43 +0000] "GET / HTTP/1.1" 404 32099 "-" "Mozilla/5.0 (Windows NT 10.0; Win64; x64) AppleWebKit/537.36 (KHTML, like Gecko) Chrome/78.0.3904.108 Safari/537.36"
146.190.62.79 - - [29/Jul/2022:11:18:17 +0000] "GET /manager/html HTTP/1.1" 400 157 "-" "-"
128.14.209.226 - - [29/Jul/2022:11:35:47 +0000] "GET / HTTP/1.1" 404 32083 "-" "Mozilla/5.0 (Windows NT 10.0; WOW64) AppleWebKit/537.36 (KHTML, like Gecko) Chrome/66.0.3359.117 Safari/537.36"
185.7.214.104 - - [29/Jul/2022:12:00:41 +0000] "POST /cgi-bin/.%2e/.%2e/.%2e/.%2e/bin/sh HTTP/1.1" 400 157 "-" "-"
185.7.214.104 - - [29/Jul/2022:12:42:08 +0000] "GET / HTTP/1.1" 404 32099 "-" "Mozilla/5.0 (Windows NT 10.0; Win64; x64) AppleWebKit/537.36 (KHTML, like Gecko) Chrome/78.0.3904.108 Safari/537.36"
185.7.214.104 - - [29/Jul/2022:13:12:12 +0000] "GET /actuator/gateway/routes HTTP/1.1" 404 195208 "-" "Mozilla/5.0 (Windows NT 10.0; Win64; x64) AppleWebKit/537.36 (KHTML, like Gecko) Chrome/78.0.3904.108 Safari/537.36"
114.115.184.120 - - [29/Jul/2022:13:18:19 +0000] "OPTIONS / HTTP/1.0" 404 32086 "-" "-"
114.115.184.120 - - [29/Jul/2022:13:18:21 +0000] "\x16\x03\x01\x02\x00\x01\x00\x01\xFC\x03\x03\xDC\xE2)\xB2\xCF\x10\x0C\x8D\xAF\x01\x8F\x1E8\x85X|\xBC-\x98,\x89O\xF2\x22\xB6\x8A\xF8\xDB\x22\x05\x18\xA1 \xF2\xE74m\x88\xB4r\xBC\x8A\xA1\x02Ah\xC7\xC5\x0F\xF2\x06x\xC2\xE4\xA6}mr\x12\x8D\xB3\xA2+\xEDG\x00>\x13\x02\x13\x03\x13\x01\xC0,\xC00\x00\x9F\xCC\xA9\xCC\xA8\xCC\xAA\xC0+\xC0/\x00\x9E\xC0$\xC0(\x00k\xC0#\xC0'\x00g\xC0" 400 157 "-" "-"
114.115.184.120 - - [29/Jul/2022:13:18:21 +0000] "GET / HTTP/1.1" 404 32099 "-" "Mozilla/5.0 (Macintosh; Intel Mac OS X 10.15; rv:89.0)"
45.95.55.5 - - [29/Jul/2022:14:23:44 +0000] "GET / HTTP/1.1" 404 32099 "-" "-"
205.210.31.151 - - [29/Jul/2022:14:24:13 +0000] "\x16\x03\x01\x00\xCA\x01\x00\x00\xC6\x03\x03\x19N\xAF\x02\xD0\xB5\xDD\x06\xF4\xAF\xCAOAprPa\xF7N\x0Eq" 400 157 "-" "-"
46.174.191.29 - - [29/Jul/2022:14:29:23 +0000] "GET / HTTP/1.0" 404 32086 "-" "Mozilla/5.0 (Macintosh; Intel Mac OS X 10_7_0) AppleWebKit/534.30 (KHTML, like Gecko) Chrome/12.0.742.100 Safari/534.30"
80.66.88.211 - - [29/Jul/2022:15:38:30 +0000] "\x03\x00\x00,'\xE0\x00\x00\x00\x00\x00Cookie: mstshash=Domain" 400 157 "-" "-"
80.66.88.211 - - [29/Jul/2022:15:38:30 +0000] "\x03\x00\x00,'\xE0\x00\x00\x00\x00\x00Cookie: mstshash=Domain" 400 157 "-" "-"
172.105.89.161 - - [29/Jul/2022:15:40:32 +0000] "\xBA\xABd\xA1EZC\xDBM\x87\xEE^\xFD\xBF\x159 X\xD4>\x12\x98\xC4<\xE0\x13\xCF\x00\xAC\xA09\xD7\x90#8~\x8C\xDE\x9DReF\xBF%1Q\xE0\x9D\x06&g\xBB\x82\x95\x19\xED\x07\x14\x19ZP\x80+\x94e\xC3\xE6\x85\x06\xA4\x99\x8B\x19l\x01\xEA\x88Y\x91\x16\x95\xC4\xC8\x0EH\x02\xC7\x93g\xC14FW\x05|\xFB\xF3T\xB8\xFD\xCB\xBB)\xE3\xCE\xDD\xCD7\x9E\xEFP\x8C\xA4[V\xFD\x98\xC9l\x82\xF5\xE4\xC1d\x87X\xF7\x9B\xBF\xE8q\x12\x99&\xDB,\xF5\x87\xD7\xA8\x97j;\xE3\xEA\xA7\xB4\xB0\x02\xAD\x8DE\x9B\xAAB\x80\x0E)\xA9\xE9\xAF}\x18\x8E\xB8\x1E\x99\x04\xEF\xA8\x8C\xE8\x04\xE2\xD3\xED)1\x91\xC1\x8F\x88\x8C\x81\xF0\xDB\xA5\x88\x95H\x9BZ\xAB\xCE\xBF\xF4E%P*\x88KFY6\x9E\xE7::j\xD4\x8A\xA8V\x9A\xAA\xAB\xAF\xC3&.\xED[\x04\xC5e\x7F\x08\xBE\x8Ar\xA7\xB0\x99F\xF7\x11\xE5\xD6\x96\x8CIm+w\x1C\xFDuU\x14\x0F!x\xAC\xE8MPy\xC3\x19!2\xA0\xED\xC0}!Rw\x14\x8E\x1B\xC4\xE1\xA0\xAF+\xADKk\xC5\xE0\x5Cs\x9C\xBD\xCB" 400 157 "-" "-"
78.108.177.54 - - [29/Jul/2022:16:17:49 +0000] "GET / HTTP/1.0" 404 32070 "-" "Mozilla/5.0 (X11; Linux x86_64) AppleWebKit/537.36 (KHTML, like Gecko) Chrome/56.0.2924.87 Safari/537.36"
45.61.184.166 - - [29/Jul/2022:16:30:34 +0000] "GET http://ifconfig.me/ HTTP/1.1" 404 32083 "-" "-"
95.182.121.73 - - [29/Jul/2022:16:51:11 +0000] "GET /vendor/phpunit/phpunit/src/Util/PHP/eval-stdin.php HTTP/1.1" 404 195424 "-" "Mozilla/5.0 (Windows NT 10.0; Win64; x64) AppleWebKit/537.36 (KHTML, like Gecko) Chrome/78.0.3904.108 Safari/537.36"
95.182.121.73 - - [29/Jul/2022:16:51:12 +0000] "GET /vendor/phpunit/phpunit/src/Util/PHP/eval-stdin.php HTTP/1.1" 404 195424 "-" "Mozilla/5.0 (Windows NT 10.0; Win64; x64) AppleWebKit/537.36 (KHTML, like Gecko) Chrome/78.0.3904.108 Safari/537.36"
109.237.96.124 - - [29/Jul/2022:16:51:35 +0000] "POST /vendor/phpunit/phpunit/src/Util/PHP/eval-stdin.php HTTP/1.1" 404 195426 "-" "Mozilla/5.0 (Windows NT 10.0; Win64; x64) AppleWebKit/537.36 (KHTML, like Gecko) Chrome/78.0.3904.108 Safari/537.36"
179.43.154.206 - - [29/Jul/2022:18:30:11 +0000] "\x16\x03\x01\x00\xEE\x01\x00\x00\xEA\x03\x03\xCC\xD0B\xE5\x87&<\xAA\x8D4\xC1my\xA9=\x8E_\x98:i\x97;\xFA:" 400 157 "-" "-"
179.43.154.206 - - [29/Jul/2022:18:30:11 +0000] "GET /.git/config HTTP/1.1" 404 195112 "-" "Mozilla/5.0 (X11; U; FreeBSD i386; en-US; rv:1.6) Gecko/20040406 Galeon/1.3.15"
216.218.206.67 - - [29/Jul/2022:19:17:12 +0000] "GET / HTTP/1.1" 404 32099 "-" "Mozilla/5.0 zgrab/0.x"
59.89.171.117 - - [29/Jul/2022:19:49:33 +0000] "GET / HTTP/1.1" 404 32099 "-" "Mozilla/5.0 (Macintosh; Intel Mac OS X 10_11_6) AppleWebKit/601.7.7 (KHTML, like Gecko) Version/9.1.2 Safari/601.7.7"
138.197.138.121 - - [29/Jul/2022:20:06:25 +0000] "GET / HTTP/1.1" 404 32099 "-" "Mozilla/5.0 zgrab/0.x"
2.57.122.209 - - [29/Jul/2022:20:43:25 +0000] "GET http://example.com/ HTTP/1.1" 404 32099 "-" "Go-http-client/1.1"
185.7.214.104 - - [29/Jul/2022:21:09:55 +0000] "GET /securityRealm/user/admin/search/index?q=a HTTP/1.1" 404 195320 "-" "Mozilla/5.0 (Windows NT 10.0; Win64; x64) AppleWebKit/537.36 (KHTML, like Gecko) Chrome/78.0.3904.108 Safari/537.36"
185.7.214.104 - - [29/Jul/2022:21:12:43 +0000] "GET / HTTP/1.1" 404 32099 "-" "Mozilla/5.0 (Windows NT 10.0; Win64; x64) AppleWebKit/537.36 (KHTML, like Gecko) Chrome/78.0.3904.108 Safari/537.36"
185.7.214.104 - - [29/Jul/2022:21:19:16 +0000] "POST /mifs/.;/services/LogService HTTP/1.1" 200 195473 "http://162.19.74.218:8080" "Mozilla/5.0 (Windows NT 10.0; Win64; x64) AppleWebKit/537.36 (KHTML, like Gecko) Chrome/78.0.3904.108 Safari/537.36"
167.94.138.117 - - [29/Jul/2022:21:29:08 +0000] "GET / HTTP/1.1" 404 32099 "-" "-"
167.94.138.117 - - [29/Jul/2022:21:29:08 +0000] "GET / HTTP/1.1" 404 32099 "-" "Mozilla/5.0 (compatible; CensysInspect/1.1; +https://about.censys.io/)"
167.94.138.117 - - [29/Jul/2022:21:29:09 +0000] "PRI * HTTP/2.0" 400 157 "-" "-"
185.7.214.104 - - [29/Jul/2022:21:29:48 +0000] "GET / HTTP/1.1" 404 32099 "-" "Mozilla/5.0 (Windows NT 10.0; Win64; x64) AppleWebKit/537.36 (KHTML, like Gecko) Chrome/78.0.3904.108 Safari/537.36"
45.243.234.47 - - [29/Jul/2022:21:45:37 +0000] "GET / HTTP/1.1" 404 32083 "-" "Mozilla/5.0 (Windows NT 6.1; WOW64) AppleWebKit/537.36 (KHTML, like Gecko) Chrome/51.0.2704.103 Safari/537.36"
95.182.123.66 - - [29/Jul/2022:21:50:25 +0000] "GET /vendor/phpunit/phpunit/src/Util/PHP/eval-stdin.php HTTP/1.1" 404 195424 "-" "Mozilla/5.0 (Windows NT 10.0; Win64; x64) AppleWebKit/537.36 (KHTML, like Gecko) Chrome/78.0.3904.108 Safari/537.36"
95.182.123.66 - - [29/Jul/2022:21:50:26 +0000] "GET /vendor/phpunit/phpunit/src/Util/PHP/eval-stdin.php HTTP/1.1" 404 195424 "-" "Mozilla/5.0 (Windows NT 10.0; Win64; x64) AppleWebKit/537.36 (KHTML, like Gecko) Chrome/78.0.3904.108 Safari/537.36"
95.182.121.73 - - [29/Jul/2022:21:50:27 +0000] "POST /vendor/phpunit/phpunit/src/Util/PHP/eval-stdin.php HTTP/1.1" 200 195581 "-" "Mozilla/5.0 (Windows NT 10.0; Win64; x64) AppleWebKit/537.36 (KHTML, like Gecko) Chrome/78.0.3904.108 Safari/537.36"
95.182.121.73 - - [29/Jul/2022:21:50:28 +0000] "POST /vendor/phpunit/phpunit/src/Util/PHP/eval-stdin.php HTTP/1.1" 404 195426 "-" "Mozilla/5.0 (Windows NT 10.0; Win64; x64) AppleWebKit/537.36 (KHTML, like Gecko) Chrome/78.0.3904.108 Safari/537.36"
89.248.165.52 - - [29/Jul/2022:22:03:26 +0000] "\x04\x01\x00\x19h/8!\x00" 400 157 "-" "-"
89.248.165.52 - - [29/Jul/2022:22:03:26 +0000] "\x05\x01\x00" 400 157 "-" "-"
89.248.165.52 - - [29/Jul/2022:22:03:26 +0000] "CONNECT hotmail-com.olc.protection.outlook.com:25 HTTP/1.1" 400 157 "-" "-"
77.222.121.131 - - [29/Jul/2022:22:03:39 +0000] "GET / HTTP/1.1" 404 32099 "-" "Mozilla/5.0 (Windows NT 6.1; WOW64) AppleWebKit/537.36 (KHTML, like Gecko) Chrome/51.0.2704.103 Safari/537.36"
78.108.177.50 - - [29/Jul/2022:22:29:09 +0000] "GET / HTTP/1.0" 404 32070 "-" "Mozilla/5.0 (X11; Linux x86_64) AppleWebKit/537.36 (KHTML, like Gecko) Chrome/56.0.2924.87 Safari/537.36"
118.123.105.86 - - [29/Jul/2022:22:31:58 +0000] "\x01\x00\x00\x00 \xBF\x02\x00\x88\x13\x00\x00\x87\x00\x00\x00NIMABIJIAN\x04\x03\x00\x00{\x99Caig\x9C\x03\xC7eB\xC5\x09\xC1\x18a\x11\x1A\x91\x1F\x02\x09cof\x91\xC0\x80sJ5\xD2\x80\xE6\x9A~\xB9\xC7\x83^\x96\xEEN\x16\x96\x96&\xE6\x03\xEA\xBC\x81\x02=\xAC\x10\xFA?7\x03\xC3\xDF\xF7\xE4\x98`p\xE6\x8D\xC1\xA9\x8D\xC6\x06\xDB\xAF\x91\xE7\x82s\xF7\x14H\xD4\xE1W\x9A\x93C\x9E]\xA4\x01#\x03#\x03]\x03c]CC\x05C\x03+S\x03b\xF4\x00\x00/\x9E\x16E" 400 157 "-" "-"
118.123.105.86 - - [29/Jul/2022:22:32:02 +0000] "\x16\x03\x01\x00\xEE\x01\x00\x00\xEA\x03\x03\x045\xF2H\xFBi\xCB\xC4\x83\x9E\x97\x895ou\xD7\xE7\xFD\xB2\xD6\xF0\xDC|%\x22\x81\xDA\xD9\xFB\xE1j\x13 n\x13\xD2\xA9\xA0'\xCC&^[\x97\x10\xE3\x9E!U\xE9" 400 157 "-" "-"
118.123.105.86 - - [29/Jul/2022:22:32:03 +0000] "\x16\x03\x01\x00\xEE\x01\x00\x00\xEA\x03\x03\xBB\xAFN\xE6\xFE\xE1\x12\xDE\xAC\xCEL\x033\x89\xE3\x0B\xF6\xE20I\xAA\x9C\x84#\xB8\x8Aj\xC0\xB5\x98R\x15 lmM\xA9\xF3_\xCA\xE4}\xA2\x1A\xEA\xE1%\xBA\xCA\x19y\xDC\x1A\xFEW\xEA{!+\x22Dd\xABI\x9C\x00&\xC0+\xC0/\xC0,\xC00\xCC\xA9\xCC\xA8\xC0\x09\xC0\x13\xC0" 400 157 "-" "-"
118.123.105.86 - - [29/Jul/2022:22:32:31 +0000] "\x16\x03\x03\x01\xA6\x01\x00\x01\xA2\x03\x03q'\xA8\xDE\xBD\xD2\x00o\xDE\x8B\xEC\x99\x0C&'\xE9\xD5\x9D\xBD\xE4^h\xFD\x0B\x0F\x1CE>\x1D\xD8\xC7\xD3 i\x1F\xD6xWOG\xD8\xD3\x5C\x1F~\xEF{\xDC\xAE\x05\xCE\xB7\xAD\xF1\xF6\x1C\x18\xBC\x09\xECv?43m\x00\x8A\x00\x16\x003\x00g\xC0\x9E\xC0\xA2\x00\x9E\x009\x00k\xC0\x9F\xC0\xA3\x00\x9F\x00E\x00\xBE\x00\x88\x00\xC4\x00\x9A\xC0\x08\xC0\x09\xC0#\xC0\xAC\xC0\xAE\xC0+\xC0" 400 157 "-" "-"
118.123.105.86 - - [29/Jul/2022:22:32:33 +0000] "\x16\x03\x03\x01W\x01\x00\x01S\x03\x03\xC4\xFCF\xCA\xAA\xB6\xCB\x95\x98\x12\xD6h\x0C\x80\x84\xE8\xDD\xB8[9\x88+Z\xD4\xCE{\x84q\xFB>\xE5, !//\xF6\xF2\xE3\xA0\x8A)\xB6\xE9@%\xBE!T\xE5\x05\x065#\xA7\xA0\x83]!o\xEE\x87\xF1\x95\xAA\x00F\xC0\x12\xC0\x07\xCC\x14\x13\x01\x13\x02\xCC\xA9\xC0s\xC0r\xC0,\xC0\xAF\xC0\xAD\xC0$\xC0" 400 157 "-" "-"
118.123.105.86 - - [29/Jul/2022:22:32:33 +0000] "\x16\x03\x03\x01\xA6\x01\x00\x01\xA2\x03\x03`\xB04\xF2\x15NF5\x13\xD8\x22\x87\x1A\x9B\x9FB\xEE]v\x03\xF8\xB9\xE2\x9C\xD7\xC6\xEEI\xFD\x19-\xBE \xD4T&\xE9\xCB\xD8\x1C\x06_\x07\x8D\x0F\xBE\x17\xB5\xCB\x13\x02W\xA7\xA8\x01\xF5Z\x8B\x03\x03\xE1~|qy\x00\x8A\x00\x05\x00\x04\x00\x07\x00\xC0\x00\x84\x00\xBA\x00A\x00\x9D\xC0\xA1\xC0\x9D\x00=\x005\x00\x9C\xC0\xA0\xC0\x9C\x00<\x00/\x00" 400 157 "-" "-"
118.123.105.86 - - [29/Jul/2022:22:32:33 +0000] "\x16\x03\x03\x01I\x01\x00\x01E\x03\x03B\xE4\xD1\x22\xC3|lA\xEEOw\x13\xF7\x0B?\xB1@\xF5\x04t\xF3\x5C#\xD0\xA77\xCA)\xA1\xC6\x06\xE7 U\x871\x9BXr\xCE\x1C^\xF4_A\x1F\x8E.R\xD5\xE3\x11\xE0\xE1\xD1\xF0\x02D7\xF3\x12\xA7\xA9\xAD?\x00D\xC0\x13\xC0'\xC0/\xC0\x14\xC0(\xC00\xC0`\xC0a\xC0v\xC0w\xCC\xA8\x13\x05\x13\x04\x13\x03\xCC\x13\xC0\x11\x00" 400 157 "-" "-"
118.123.105.86 - - [29/Jul/2022:22:32:35 +0000] "\x16\x03\x03\x01\x9A\x01\x00\x01\x96\x03\x03R\x8D\xD9\xA4\x1E\x91\x09\x7F\x8E\x92t\xB7w\xDDy/\x12\xF7\xEF\x03\xEA\x02\xEB\xB9k\xE7\xE5\xDFa\xB2)5 \xCFG\xBEG&\xE4t\xF9\x9BT\x14\xCF\xFA\x86\x01W\x08\xD3t\xD9a?SVO\xCBUf3\xD2P\x1A\x00\x8C\xFA\xFA\xC0\x12\xC0\x13\xC0\x07\xC0'\xCC\x14\xC0/\x13\x01\xC0\x14\x13\x02\xC0(\xCC\xA9\xC00\xC0s\xC0`\xC0r\xC0a\xC0,\xC0v\xC0\xAF\xC0w\xC0\xAD\xCC\xA8\xC0$\x13\x05\xC0" 400 157 "-" "-"
45.95.55.5 - - [29/Jul/2022:23:04:39 +0000] "GET / HTTP/1.1" 404 32083 "-" "-"
89.248.165.52 - - [29/Jul/2022:23:18:48 +0000] "\x04\x01\x00PU\xCE\xA0s\x00" 400 157 "-" "-"
89.248.165.52 - - [29/Jul/2022:23:18:48 +0000] "\x05\x01\x00" 400 157 "-" "-"
89.248.165.52 - - [29/Jul/2022:23:18:48 +0000] "CONNECT 85.206.160.115:80 HTTP/1.1" 400 157 "-" "-"
102.165.48.59 - - [29/Jul/2022:23:33:38 +0000] "CONNECT android.orangetv.orange.es:443 HTTP/1.1" 400 157 "-" "-"
189.126.93.40 - - [29/Jul/2022:23:48:00 +0000] "GET / HTTP/1.1" 404 32099 "-" "Mozilla/5.0 (Windows NT 6.1; WOW64) AppleWebKit/537.36 (KHTML, like Gecko) Chrome/51.0.2704.103 Safari/537.36"
187.32.153.113 - - [29/Jul/2022:23:56:38 +0000] "GET / HTTP/1.0" 404 13569 "-" "-"
192.99.5.174 - - [30/Jul/2022:00:15:54 +0000] "CONNECT 185.65.245.50:7227 HTTP/1.1" 400 157 "-" "-"
64.62.197.182 - - [30/Jul/2022:00:43:05 +0000] "GET / HTTP/1.1" 404 32099 "-" "Mozilla/5.0 zgrab/0.x"
192.99.5.174 - - [30/Jul/2022:00:44:52 +0000] "CONNECT 185.65.245.140:7227 HTTP/1.1" 400 157 "-" "-"
95.182.123.66 - - [30/Jul/2022:00:59:55 +0000] "GET /vendor/phpunit/phpunit/src/Util/PHP/eval-stdin.php HTTP/1.1" 404 195424 "-" "Mozilla/5.0 (Windows NT 10.0; Win64; x64) AppleWebKit/537.36 (KHTML, like Gecko) Chrome/78.0.3904.108 Safari/537.36"
95.182.123.66 - - [30/Jul/2022:00:59:56 +0000] "POST /vendor/phpunit/phpunit/src/Util/PHP/eval-stdin.php HTTP/1.1" 404 195426 "-" "Mozilla/5.0 (Windows NT 10.0; Win64; x64) AppleWebKit/537.36 (KHTML, like Gecko) Chrome/78.0.3904.108 Safari/537.36"
95.182.123.66 - - [30/Jul/2022:00:59:56 +0000] "GET /vendor/phpunit/phpunit/src/Util/PHP/eval-stdin.php HTTP/1.1" 404 195424 "-" "Mozilla/5.0 (Windows NT 10.0; Win64; x64) AppleWebKit/537.36 (KHTML, like Gecko) Chrome/78.0.3904.108 Safari/537.36"
95.182.123.66 - - [30/Jul/2022:00:59:56 +0000] "POST /vendor/phpunit/phpunit/src/Util/PHP/eval-stdin.php HTTP/1.1" 404 195426 "-" "Mozilla/5.0 (Windows NT 10.0; Win64; x64) AppleWebKit/537.36 (KHTML, like Gecko) Chrome/78.0.3904.108 Safari/537.36"
192.99.5.174 - - [30/Jul/2022:01:16:52 +0000] "CONNECT 185.65.245.140:7227 HTTP/1.1" 400 157 "-" "-"
138.197.183.239 - - [30/Jul/2022:01:17:25 +0000] "\x16\x03\x01\x00{\x01\x00\x00w\x03\x03\xE5:Bb\xDD\xC1\x15\x9EJ" 400 157 "-" "-"
138.197.183.239 - - [30/Jul/2022:01:17:25 +0000] "\x16\x03\x01\x00{\x01\x00\x00w\x03\x03W\xEE\xC0\xB4^\xF8\x0F\xFF\xE7\xB9\xFD\xDF\xA3=\x89\x93\xB0\xE17N{\xDC\xEF'\xCA\xFB\x145\xD2\x92\xC5\x07\x00\x00\x1A\xC0/\xC0+\xC0\x11\xC0\x07\xC0\x13\xC0\x09\xC0\x14\xC0" 400 157 "-" "-"
138.197.183.239 - - [30/Jul/2022:01:17:25 +0000] "GET / HTTP/1.1" 404 32099 "-" "Mozilla/5.0 zgrab/0.x"
192.241.236.21 - - [30/Jul/2022:01:30:42 +0000] "GET / HTTP/1.1" 404 32099 "-" "Mozilla/5.0 zgrab/0.x"
192.241.237.130 - - [30/Jul/2022:01:44:55 +0000] "GET / HTTP/1.1" 404 32099 "-" "Mozilla/5.0 zgrab/0.x"
192.99.5.174 - - [30/Jul/2022:01:48:30 +0000] "CONNECT 185.65.245.50:7227 HTTP/1.1" 400 157 "-" "-"
74.82.47.3 - - [30/Jul/2022:01:49:54 +0000] "\x16\x03\x01\x00{\x01\x00\x00w\x03\x03\xFE\xC73\x1Fo" 400 157 "-" "-"
185.7.214.104 - - [30/Jul/2022:02:00:55 +0000] "POST /vendor/phpunit/phpunit/src/Util/PHP/eval-stdin.php HTTP/1.1" 200 195458 "-" "Mozilla/5.0 (Windows NT 10.0; Win64; x64) AppleWebKit/537.36 (KHTML, like Gecko) Chrome/78.0.3904.108 Safari/537.36"
95.182.123.66 - - [30/Jul/2022:02:01:22 +0000] "POST /vendor/phpunit/phpunit/src/Util/PHP/eval-stdin.php HTTP/1.1" 404 195426 "-" "Mozilla/5.0 (Windows NT 10.0; Win64; x64) AppleWebKit/537.36 (KHTML, like Gecko) Chrome/78.0.3904.108 Safari/537.36"
95.182.123.66 - - [30/Jul/2022:02:01:23 +0000] "POST /vendor/phpunit/phpunit/src/Util/PHP/eval-stdin.php HTTP/1.1" 404 195426 "-" "Mozilla/5.0 (Windows NT 10.0; Win64; x64) AppleWebKit/537.36 (KHTML, like Gecko) Chrome/78.0.3904.108 Safari/537.36"
192.99.5.174 - - [30/Jul/2022:02:17:05 +0000] "CONNECT 185.65.245.50:7227 HTTP/1.1" 400 157 "-" "-"
185.7.214.104 - - [30/Jul/2022:02:25:55 +0000] "GET /vendor/phpunit/phpunit/src/Util/PHP/eval-stdin.php HTTP/1.1" 200 195456 "-" "Mozilla/5.0 (Windows NT 10.0; Win64; x64) AppleWebKit/537.36 (KHTML, like Gecko) Chrome/78.0.3904.108 Safari/537.36"
95.182.123.66 - - [30/Jul/2022:02:26:12 +0000] "GET /vendor/phpunit/phpunit/src/Util/PHP/eval-stdin.php HTTP/1.1" 404 195424 "-" "Mozilla/5.0 (Windows NT 10.0; Win64; x64) AppleWebKit/537.36 (KHTML, like Gecko) Chrome/78.0.3904.108 Safari/537.36"
95.182.123.66 - - [30/Jul/2022:02:26:12 +0000] "GET /vendor/phpunit/phpunit/src/Util/PHP/eval-stdin.php HTTP/1.1" 404 195424 "-" "Mozilla/5.0 (Windows NT 10.0; Win64; x64) AppleWebKit/537.36 (KHTML, like Gecko) Chrome/78.0.3904.108 Safari/537.36"
192.99.5.174 - - [30/Jul/2022:02:40:24 +0000] "CONNECT 185.65.245.50:7227 HTTP/1.1" 400 157 "-" "-"
192.99.5.174 - - [30/Jul/2022:03:01:59 +0000] "CONNECT 185.65.245.50:7227 HTTP/1.1" 400 157 "-" "-"
192.99.5.174 - - [30/Jul/2022:03:23:16 +0000] "CONNECT 185.65.245.50:7227 HTTP/1.1" 400 157 "-" "-"
192.99.5.174 - - [30/Jul/2022:03:44:01 +0000] "CONNECT 185.65.245.140:7227 HTTP/1.1" 400 157 "-" "-"
185.7.214.104 - - [30/Jul/2022:03:56:22 +0000] "GET /index.php?s=/Index/\x5Cthink\x5Capp/invokefunction&function=call_user_func_array&vars[0]=md5&vars[1][]=HelloThinkPHP21 HTTP/1.1" 404 32083 "-" "Mozilla/5.0 (Windows NT 10.0; Win64; x64) AppleWebKit/537.36 (KHTML, like Gecko) Chrome/78.0.3904.108 Safari/537.36"
192.99.5.174 - - [30/Jul/2022:04:02:32 +0000] "CONNECT 185.65.245.10:7227 HTTP/1.1" 400 157 "-" "-"
185.7.214.104 - - [30/Jul/2022:05:44:30 +0000] "GET /?XDEBUG_SESSION_START=phpstorm HTTP/1.1" 404 32099 "-" "Mozilla/5.0 (Windows NT 10.0; Win64; x64) AppleWebKit/537.36 (KHTML, like Gecko) Chrome/78.0.3904.108 Safari/537.36"
185.7.214.104 - - [30/Jul/2022:06:11:02 +0000] "GET /console/ HTTP/1.1" 404 195082 "-" "Mozilla/5.0 (Windows NT 10.0; Win64; x64) AppleWebKit/537.36 (KHTML, like Gecko) Chrome/78.0.3904.108 Safari/537.36"
95.182.123.66 - - [30/Jul/2022:06:42:30 +0000] "GET /vendor/phpunit/phpunit/src/Util/PHP/eval-stdin.php HTTP/1.1" 404 195424 "-" "Mozilla/5.0 (Windows NT 10.0; Win64; x64) AppleWebKit/537.36 (KHTML, like Gecko) Chrome/78.0.3904.108 Safari/537.36"
95.182.123.66 - - [30/Jul/2022:06:42:31 +0000] "GET /vendor/phpunit/phpunit/src/Util/PHP/eval-stdin.php HTTP/1.1" 404 195424 "-" "Mozilla/5.0 (Windows NT 10.0; Win64; x64) AppleWebKit/537.36 (KHTML, like Gecko) Chrome/78.0.3904.108 Safari/537.36"
95.182.123.66 - - [30/Jul/2022:06:42:33 +0000] "POST /vendor/phpunit/phpunit/src/Util/PHP/eval-stdin.php HTTP/1.1" 200 195581 "-" "Mozilla/5.0 (Windows NT 10.0; Win64; x64) AppleWebKit/537.36 (KHTML, like Gecko) Chrome/78.0.3904.108 Safari/537.36"
95.182.123.66 - - [30/Jul/2022:06:42:33 +0000] "POST /vendor/phpunit/phpunit/src/Util/PHP/eval-stdin.php HTTP/1.1" 404 195426 "-" "Mozilla/5.0 (Windows NT 10.0; Win64; x64) AppleWebKit/537.36 (KHTML, like Gecko) Chrome/78.0.3904.108 Safari/537.36"
185.7.214.104 - - [30/Jul/2022:06:49:59 +0000] "POST /Autodiscover/Autodiscover.xml HTTP/1.1" 404 195258 "-" "Mozilla/5.0 (Windows NT 10.0; Win64; x64) AppleWebKit/537.36 (KHTML, like Gecko) Chrome/78.0.3904.108 Safari/537.36"
198.199.119.242 - - [30/Jul/2022:07:06:24 +0000] "MGLNDD_162.19.74.218_8080" 400 157 "-" "-"
45.95.55.5 - - [30/Jul/2022:07:27:02 +0000] "GET / HTTP/1.1" 404 32099 "-" "-"
185.7.214.104 - - [30/Jul/2022:07:47:59 +0000] "GET /_ignition/execute-solution HTTP/1.1" 404 195232 "-" "Mozilla/5.0 (Windows NT 10.0; Win64; x64) AppleWebKit/537.36 (KHTML, like Gecko) Chrome/78.0.3904.108 Safari/537.36"
159.223.205.240 - - [30/Jul/2022:07:50:04 +0000] "GET /manager/html HTTP/1.1" 400 157 "-" "-"
45.148.10.81 - - [30/Jul/2022:08:09:08 +0000] "GET http://example.com/ HTTP/1.1" 404 32099 "-" "Go-http-client/1.1"
159.65.37.18 - - [30/Jul/2022:08:40:53 +0000] "GET /manager/html HTTP/1.1" 400 157 "-" "-"
170.130.187.50 - - [30/Jul/2022:09:02:37 +0000] "GET / HTTP/1.1" 404 32099 "-" "https://gdnplus.com:Gather Analyze Provide."
138.197.106.16 - - [30/Jul/2022:09:03:40 +0000] "GET /manager/html HTTP/1.1" 400 157 "-" "-"
185.7.214.104 - - [30/Jul/2022:09:07:02 +0000] "GET / HTTP/1.1" 404 32099 "-" "Mozilla/5.0 (Windows NT 10.0; Win64; x64) AppleWebKit/537.36 (KHTML, like Gecko) Chrome/78.0.3904.108 Safari/537.36"
